// Jest Snapshot v1, https://goo.gl/fbAQLP

exports[`test pricelist component should render the compenent to match snapshot 1`] = `ShallowWrapper {}`;
